2024-04-23 12:34:10 - DEBUG - TESTING AUTHENTICATION MODULE
2024-04-23 12:34:10 - DEBUG - Using proactor: IocpProactor
2024-04-23 12:34:10 - DEBUG - Using proactor: IocpProactor
2024-04-23 12:34:10 - DEBUG - Creating Sensor Queue | max size : 128 | timeout : 0.75
2024-04-23 12:34:10 - DEBUG - added 32 sensors to queue
2024-04-23 12:34:12 - WARNING - Timeout: Failed to retrieve data from TEST_SENSOR[5]
2024-04-23 12:34:15 - WARNING - Timeout: Failed to retrieve data from TEST_SENSOR[9]
2024-04-23 12:34:17 - WARNING - Timeout: Failed to retrieve data from TEST_SENSOR[13]
2024-04-23 12:34:20 - WARNING - Timeout: Failed to retrieve data from TEST_SENSOR[21]
2024-04-23 12:34:21 - WARNING - Timeout: Failed to retrieve data from TEST_SENSOR[22]
2024-04-23 12:34:23 - WARNING - Timeout: Failed to retrieve data from TEST_SENSOR[27]
2024-04-23 12:34:25 - WARNING - Timeout: Failed to retrieve data from TEST_SENSOR[31]
2024-04-23 12:34:25 - DEBUG - results:
2024-04-23 12:34:25 - DEBUG - 	TEST_SENSOR[0] : 6.886466149727932
2024-04-23 12:34:25 - DEBUG - 	TEST_SENSOR[1] : 81.86019862691899
2024-04-23 12:34:25 - DEBUG - 	TEST_SENSOR[2] : 75.91963287875994
2024-04-23 12:34:25 - DEBUG - 	TEST_SENSOR[3] : 52.91003293779952
2024-04-23 12:34:25 - DEBUG - 	TEST_SENSOR[4] : 6.808530406859692
2024-04-23 12:34:25 - DEBUG - 	TEST_SENSOR[5] : Timeout: Failed to retrieve data from TEST_SENSOR[5]
2024-04-23 12:34:25 - DEBUG - 	TEST_SENSOR[6] : 44.5919379827858
2024-04-23 12:34:25 - DEBUG - 	TEST_SENSOR[7] : 92.52153133493545
2024-04-23 12:34:25 - DEBUG - 	TEST_SENSOR[8] : 60.74386408140467
2024-04-23 12:34:25 - DEBUG - 	TEST_SENSOR[9] : Timeout: Failed to retrieve data from TEST_SENSOR[9]
2024-04-23 12:34:25 - DEBUG - 	TEST_SENSOR[10] : 75.7235259164767
2024-04-23 12:34:25 - DEBUG - 	TEST_SENSOR[11] : 43.316056340408025
2024-04-23 12:34:25 - DEBUG - 	TEST_SENSOR[12] : 12.539386956829034
2024-04-23 12:34:25 - DEBUG - 	TEST_SENSOR[13] : Timeout: Failed to retrieve data from TEST_SENSOR[13]
2024-04-23 12:34:25 - DEBUG - 	TEST_SENSOR[14] : 88.80244682660123
2024-04-23 12:34:25 - DEBUG - 	TEST_SENSOR[15] : 95.65498109570675
2024-04-23 12:34:25 - DEBUG - 	TEST_SENSOR[16] : 3.718061141950224
2024-04-23 12:34:25 - DEBUG - 	TEST_SENSOR[17] : 82.25879949946572
2024-04-23 12:34:25 - DEBUG - 	TEST_SENSOR[18] : 65.45139468677809
2024-04-23 12:34:25 - DEBUG - 	TEST_SENSOR[19] : 98.99524761682608
2024-04-23 12:34:25 - DEBUG - 	TEST_SENSOR[20] : 66.76556631317776
2024-04-23 12:34:25 - DEBUG - 	TEST_SENSOR[21] : Timeout: Failed to retrieve data from TEST_SENSOR[21]
2024-04-23 12:34:25 - DEBUG - 	TEST_SENSOR[22] : Timeout: Failed to retrieve data from TEST_SENSOR[22]
2024-04-23 12:34:25 - DEBUG - 	TEST_SENSOR[23] : 80.16897220892452
2024-04-23 12:34:25 - DEBUG - 	TEST_SENSOR[24] : 55.50552965965024
2024-04-23 12:34:25 - DEBUG - 	TEST_SENSOR[25] : 60.097708645563294
2024-04-23 12:34:25 - DEBUG - 	TEST_SENSOR[26] : 96.31113697869661
2024-04-23 12:34:25 - DEBUG - 	TEST_SENSOR[27] : Timeout: Failed to retrieve data from TEST_SENSOR[27]
2024-04-23 12:34:25 - DEBUG - 	TEST_SENSOR[28] : 75.6337511544223
2024-04-23 12:34:25 - DEBUG - 	TEST_SENSOR[29] : 29.87075573970912
2024-04-23 12:34:25 - DEBUG - 	TEST_SENSOR[30] : 25.86310187143087
2024-04-23 12:34:25 - DEBUG - 	TEST_SENSOR[31] : Timeout: Failed to retrieve data from TEST_SENSOR[31]
2024-04-23 12:34:25 - DEBUG - queued sensors processed
2024-04-23 12:34:25 - DEBUG - Using proactor: IocpProactor
